// Jest Snapshot v1, https://goo.gl/fbAQLP

exports[`FormView render correctly 1`] = `
<body>
  <div>
    <div
      class="ui center aligned middle aligned grid"
      style="height: 100vh;"
    >
      <div
        class="column"
        style="max-width: 450px;"
      >
        <h2
          class="ui center aligned header"
        >
          Register new account
        </h2>
        <form
          class="ui large form"
        >
          <div
            class="ui segment"
          >
            <div
              class="field"
            >
              <div
                class="ui fluid left icon input"
              >
                <input
                  id="firstName"
                  placeholder="First Name"
                  type="text"
                  value=""
                />
                <i
                  aria-hidden="true"
                  class="user icon"
                />
              </div>
            </div>
            <div
              class="field"
            >
              <div
                class="ui fluid left icon input"
              >
                <input
                  id="lastName"
                  placeholder="Last Name"
                  type="text"
                  value=""
                />
                <i
                  aria-hidden="true"
                  class="user outline icon"
                />
              </div>
            </div>
            <div
              class="field"
            >
              <div
                class="ui fluid left icon input"
              >
                <input
                  id="email"
                  placeholder="Email"
                  type="text"
                  value=""
                />
                <i
                  aria-hidden="true"
                  class="mail icon"
                />
              </div>
            </div>
          </div>
          <button
            class="ui large fluid button"
          >
            Register
          </button>
        </form>
      </div>
    </div>
  </div>
</body>
`;
