// Jest Snapshot v1, https://goo.gl/fbAQLP

exports[`FormInputs render correctly 1`] = `
<body>
  <div>
    <div
      class="ui segment"
    >
      <div
        class="field"
      >
        <div
          class="ui fluid left icon input"
        >
          <input
            id="firstName"
            placeholder="First Name"
            type="text"
            value="Test"
          />
          <i
            aria-hidden="true"
            class="user icon"
          />
        </div>
      </div>
      <div
        class="field"
      >
        <div
          class="ui fluid left icon input"
        >
          <input
            id="lastName"
            placeholder="Last Name"
            type="text"
            value="Test"
          />
          <i
            aria-hidden="true"
            class="user outline icon"
          />
        </div>
      </div>
      <div
        class="field"
      >
        <div
          class="ui fluid left icon input"
        >
          <input
            id="email"
            placeholder="Email"
            type="text"
            value="Test@Test.pl"
          />
          <i
            aria-hidden="true"
            class="mail icon"
          />
        </div>
      </div>
    </div>
  </div>
</body>
`;
